2026-05-12 22:14:17 |     0.000s | info     |                                | Logging to directory: /media/tobias/TobiasSSD1/projects/Botball/raccoon/toolchain/web-ide/.raccoon/logs
2026-05-12 22:14:17 |     0.000s | info     | p.Motor.cpp                    | Mock Motor ctor port=0 inverted=false
2026-05-12 22:14:17 |     0.000s | info     | p.Motor.cpp                    | Mock Motor ctor port=1 inverted=false
2026-05-12 22:14:17 |     0.032s | info     | p.Motor.cpp                    | Mock Motor port=0 brake
2026-05-12 22:14:17 |     0.032s | info     | p.Motor.cpp                    | Mock Motor port=1 brake
2026-05-12 22:14:23 |     0.000s | info     |                                | Logging to directory: /media/tobias/TobiasSSD1/projects/Botball/raccoon/toolchain/web-ide/.raccoon/logs
2026-05-12 22:14:23 |     0.000s | info     | p.Motor.cpp                    | Mock Motor ctor port=0 inverted=false
2026-05-12 22:14:23 |     0.000s | info     | p.Motor.cpp                    | Mock Motor ctor port=1 inverted=false
2026-05-12 22:14:23 |     0.030s | info     | p.Motor.cpp                    | Mock Motor port=0 brake
2026-05-12 22:14:23 |     0.030s | info     | p.Motor.cpp                    | Mock Motor port=1 brake
2026-05-12 22:15:37 |     0.000s | info     |                                | Logging to directory: /media/tobias/TobiasSSD1/projects/Botball/raccoon/toolchain/web-ide/.raccoon/logs
2026-05-12 22:15:37 |     0.000s | info     | p.Motor.cpp                    | Mock Motor disableAll executed
2026-05-12 22:15:45 |     0.000s | info     |                                | Logging to directory: /media/tobias/TobiasSSD1/projects/Botball/raccoon/toolchain/web-ide/.raccoon/logs
2026-05-12 22:15:45 |     0.000s | info     | p.Motor.cpp                    | Mock Motor ctor port=0 inverted=false
2026-05-12 22:15:45 |     0.000s | info     | p.Motor.cpp                    | Mock Motor ctor port=1 inverted=false
2026-05-12 22:15:45 |     0.000s | info     | p.Motor.cpp                    | Mock Motor ctor port=2 inverted=false
2026-05-12 22:15:45 |     0.000s | info     | p.Motor.cpp                    | Mock Motor ctor port=3 inverted=false
2026-05-12 22:15:45 |     0.002s | info     | h.t...l.p.s.r.__init__.py      | raccoon v1.0.0 | raccoon-transport v0.1.33
2026-05-12 22:15:45 |     0.002s | info     | p.Motor.cpp                    | Mock Motor enableAll executed (no-op on mock)
2026-05-12 22:15:45 |     0.002s | warning  | h.Digital.cpp                  | Digital port 10 is already in use!
2026-05-12 22:15:45 |     0.002s | info     | h.t...l.p.s.r.r.api.py         | [Robot]: Kinematics desaturation: max_wheel_speed=0.00 rad/s
2026-05-12 22:15:45 |     0.002s | info     | h.t...l.p.s.r.r.api.py         | [Robot]: Starting robot
2026-05-12 22:15:45 |     0.003s | info     | h.t...l.p.s.r.r.api.py         | [Robot]: Preloading mission sequences
2026-05-12 22:15:45 |     0.030s | info     | h.t...l.p.s.r.__init__.py      | Disabling all motors
2026-05-12 22:15:45 |     0.030s | info     | p.Motor.cpp                    | Mock Motor disableAll executed
2026-05-12 22:15:55 |     0.000s | info     |                                | Logging to directory: /media/tobias/TobiasSSD1/projects/Botball/raccoon/toolchain/web-ide/.raccoon/logs
2026-05-12 22:15:55 |     0.000s | info     | p.Motor.cpp                    | Mock Motor ctor port=0 inverted=false
2026-05-12 22:15:55 |     0.000s | info     | p.Motor.cpp                    | Mock Motor ctor port=1 inverted=false
2026-05-12 22:15:55 |     0.000s | info     | p.Motor.cpp                    | Mock Motor ctor port=2 inverted=false
2026-05-12 22:15:55 |     0.000s | info     | p.Motor.cpp                    | Mock Motor ctor port=3 inverted=false
2026-05-12 22:15:55 |     0.002s | info     | h.t...l.p.s.r.__init__.py      | raccoon v1.0.0 | raccoon-transport v0.1.33
2026-05-12 22:15:55 |     0.002s | info     | p.Motor.cpp                    | Mock Motor enableAll executed (no-op on mock)
2026-05-12 22:15:55 |     0.002s | warning  | h.Digital.cpp                  | Digital port 10 is already in use!
2026-05-12 22:15:55 |     0.002s | info     | h.t...l.p.s.r.r.api.py         | [Robot]: Kinematics desaturation: max_wheel_speed=0.00 rad/s
2026-05-12 22:15:55 |     0.003s | info     | h.t...l.p.s.r.r.api.py         | [Robot]: Starting robot
2026-05-12 22:15:55 |     0.003s | info     | h.t...l.p.s.r.r.api.py         | [Robot]: Preloading mission sequences
2026-05-12 22:15:55 |     0.000s | info     | h.t...l.p.s.r.r.api.py         | [Robot]: Starting mission: SimSmokeMission
2026-05-12 22:15:55 |     0.000s | info     | h.t...l.p.s.r.m.api.py         | [SimSmokeMission]: Starting mission: SimSmokeMission
2026-05-12 22:15:55 |     0.000s | info     | h.t...l.p.s.r.s.base.py        | [DriveForward]: 1/3: DriveForward(mode=20.0cm, speed=1.00)
2026-05-12 22:15:55 |     0.000s | warning  | h.t...l.p.s.r.s.c.calibrate_distance.py | Distance calibration highly suggested. Run calibrate() or calibrate_distance() first.
2026-05-12 22:15:55 |     0.009s | error    | h.t...l.p.s.r.r.api.py         | [Robot]: Main missions raised: robot.localization is required (phase 4 of the absolute-motion plan). Enable it in your robot subclass — motion configs need an absolute target_heading_rad and there is no fallback path any more.
2026-05-12 22:28:13 |     0.000s | info     |                                | Logging to directory: /media/tobias/TobiasSSD1/projects/Botball/raccoon/toolchain/web-ide/.raccoon/logs
2026-05-12 22:28:13 |     0.000s | info     | p.Motor.cpp                    | Mock Motor disableAll executed
2026-05-12 22:28:33 |     0.000s | info     |                                | Logging to directory: /media/tobias/TobiasSSD1/projects/Botball/raccoon/toolchain/web-ide/.raccoon/logs
2026-05-12 22:28:33 |     0.000s | info     | p.Motor.cpp                    | Mock Motor ctor port=0 inverted=false
2026-05-12 22:28:33 |     0.000s | info     | p.Motor.cpp                    | Mock Motor ctor port=1 inverted=false
2026-05-12 22:28:33 |     0.000s | info     | p.Motor.cpp                    | Mock Motor ctor port=2 inverted=false
2026-05-12 22:28:33 |     0.000s | info     | p.Motor.cpp                    | Mock Motor ctor port=3 inverted=false
2026-05-12 22:28:33 |     0.003s | info     | h.t...l.p.s.r.__init__.py      | raccoon v1.0.0 | raccoon-transport v0.1.33
2026-05-12 22:28:33 |     0.003s | info     | p.Motor.cpp                    | Mock Motor enableAll executed (no-op on mock)
2026-05-12 22:28:33 |     0.003s | warning  | h.Digital.cpp                  | Digital port 10 is already in use!
2026-05-12 22:28:33 |     0.003s | info     | h.t...l.p.s.r.r.api.py         | [Robot]: Kinematics desaturation: max_wheel_speed=0.00 rad/s
2026-05-12 22:28:33 |     0.003s | info     | h.t...l.p.s.r.r.api.py         | [Robot]: Starting robot
2026-05-12 22:28:33 |     0.003s | info     | h.t...l.p.s.r.r.api.py         | [Robot]: Preloading mission sequences
2026-05-12 22:28:33 |     0.000s | info     | h.t...l.p.s.r.r.api.py         | [Robot]: Starting mission: SimSmokeMission
2026-05-12 22:28:33 |     0.000s | info     | h.t...l.p.s.r.m.api.py         | [SimSmokeMission]: Starting mission: SimSmokeMission
2026-05-12 22:28:33 |     0.000s | info     | h.t...l.p.s.r.s.base.py        | [DriveForward]: 1/3: DriveForward(mode=20.0cm, speed=1.00)
2026-05-12 22:28:33 |     0.000s | warning  | h.t...l.p.s.r.s.c.calibrate_distance.py | Distance calibration highly suggested. Run calibrate() or calibrate_distance() first.
2026-05-12 22:28:33 |     0.000s | info     | p.Motor.cpp                    | Mock Motor port=0 brake
2026-05-12 22:28:33 |     0.000s | info     | p.Motor.cpp                    | Mock Motor port=1 brake
2026-05-12 22:28:33 |     0.040s | error    | h.t...l.p.s.r.r.api.py         | [Robot]: Main missions raised: TrapezoidalProfile: max_velocity must be positive
2026-05-12 22:28:57 |     0.000s | info     |                                | Logging to directory: /media/tobias/TobiasSSD1/projects/Botball/raccoon/toolchain/web-ide/.raccoon/logs
2026-05-12 22:28:57 |     0.000s | warning  | h.Digital.cpp                  | Digital port 0 is already in use!
2026-05-12 22:28:57 |     0.000s | info     | p.Motor.cpp                    | Mock Motor ctor port=0 inverted=false
2026-05-12 22:28:57 |     0.000s | info     | p.Motor.cpp                    | Mock Motor ctor port=1 inverted=true
2026-05-12 22:28:57 |     0.000s | info     | p.Motor.cpp                    | Mock Motor ctor port=2 inverted=false
2026-05-12 22:28:57 |     0.002s | info     | h.t...l.p.s.r.__init__.py      | raccoon v1.0.0 | raccoon-transport v0.1.33
2026-05-12 22:28:57 |     0.002s | info     | p.Motor.cpp                    | Mock Motor enableAll executed (no-op on mock)
2026-05-12 22:28:57 |     0.002s | warning  | h.Digital.cpp                  | Digital port 0 is already in use!
2026-05-12 22:28:57 |     0.002s | info     | h.t...l.p.s.r.r.api.py         | [Robot]: Kinematics desaturation: max_wheel_speed=6.86 rad/s
2026-05-12 22:28:57 |     0.002s | info     | h.t...l.p.s.r.r.api.py         | [Robot]: Starting robot
2026-05-12 22:28:57 |     0.002s | info     | h.t...l.p.s.r.r.api.py         | [Robot]: Preloading mission sequences
2026-05-12 22:28:57 |     0.000s | info     | h.t...l.p.s.r.r.api.py         | [Robot]: Starting mission: SimSmokeMission2
2026-05-12 22:28:57 |     0.000s | info     | h.t...l.p.s.r.m.api.py         | [SimSmokeMission2]: Starting mission: SimSmokeMission2
2026-05-12 22:28:57 |     0.000s | info     | h.t...l.p.s.r.s.base.py        | [DriveForward]: 1/3: DriveForward(mode=30.0cm, speed=1.00)
2026-05-12 22:28:57 |     0.000s | warning  | h.t...l.p.s.r.s.c.calibrate_distance.py | Distance calibration highly suggested. Run calibrate() or calibrate_distance() first.
2026-05-12 22:29:27 |    29.812s | info     | h.t...l.p.s.r.__init__.py      | Disabling all motors
2026-05-12 22:29:27 |    29.812s | info     | p.Motor.cpp                    | Mock Motor disableAll executed
2026-05-12 22:29:27 |    29.813s | info     | p.Motor.cpp                    | Mock Motor port=0 brake
2026-05-12 22:29:27 |    29.813s | info     | p.Motor.cpp                    | Mock Motor port=1 brake
2026-05-12 22:29:27 |    29.813s | info     | h.t...l.p.s.r.__init__.py      | Disabling all motors
2026-05-12 22:29:27 |    29.813s | info     | p.Motor.cpp                    | Mock Motor disableAll executed
2026-05-12 22:29:39 |     0.000s | info     |                                | Logging to directory: /media/tobias/TobiasSSD1/projects/Botball/raccoon/toolchain/web-ide/.raccoon/logs
2026-05-12 22:29:39 |     0.000s | warning  | h.Digital.cpp                  | Digital port 0 is already in use!
2026-05-12 22:29:39 |     0.000s | info     | p.Motor.cpp                    | Mock Motor ctor port=0 inverted=false
2026-05-12 22:29:39 |     0.000s | info     | p.Motor.cpp                    | Mock Motor ctor port=1 inverted=true
2026-05-12 22:29:39 |     0.000s | info     | p.Motor.cpp                    | Mock Motor ctor port=2 inverted=false
2026-05-12 22:29:39 |     0.001s | info     | h.t...l.p.s.r.__init__.py      | raccoon v1.0.0 | raccoon-transport v0.1.33
2026-05-12 22:29:39 |     0.001s | info     | p.Motor.cpp                    | Mock Motor enableAll executed (no-op on mock)
2026-05-12 22:29:39 |     0.001s | warning  | h.Digital.cpp                  | Digital port 0 is already in use!
2026-05-12 22:29:39 |     0.001s | info     | h.t...l.p.s.r.r.api.py         | [Robot]: Kinematics desaturation: max_wheel_speed=6.86 rad/s
2026-05-12 22:29:39 |     0.001s | info     | h.t...l.p.s.r.r.api.py         | [Robot]: Starting robot
2026-05-12 22:29:39 |     0.001s | info     | h.t...l.p.s.r.r.api.py         | [Robot]: Preloading mission sequences
2026-05-12 22:29:39 |     0.000s | info     | h.t...l.p.s.r.r.api.py         | [Robot]: Starting mission: SimSmokeMission2
2026-05-12 22:29:39 |     0.000s | info     | h.t...l.p.s.r.m.api.py         | [SimSmokeMission2]: Starting mission: SimSmokeMission2
2026-05-12 22:29:39 |     0.000s | info     | h.t...l.p.s.r.s.base.py        | [DriveForward]: 1/3: DriveForward(mode=30.0cm, speed=1.00)
2026-05-12 22:29:39 |     0.000s | warning  | h.t...l.p.s.r.s.c.calibrate_distance.py | Distance calibration highly suggested. Run calibrate() or calibrate_distance() first.
2026-05-12 22:30:38 |    59.802s | info     | h.t...l.p.s.r.__init__.py      | Disabling all motors
2026-05-12 22:30:38 |    59.802s | info     | p.Motor.cpp                    | Mock Motor disableAll executed
2026-05-12 22:30:38 |    59.802s | info     | p.Motor.cpp                    | Mock Motor port=0 brake
2026-05-12 22:30:38 |    59.802s | info     | p.Motor.cpp                    | Mock Motor port=1 brake
2026-05-12 22:30:38 |    59.803s | info     | h.t...l.p.s.r.__init__.py      | Disabling all motors
2026-05-12 22:30:38 |    59.803s | info     | p.Motor.cpp                    | Mock Motor disableAll executed
2026-05-12 22:31:54 |     0.000s | info     |                                | Logging to directory: /media/tobias/TobiasSSD1/projects/Botball/raccoon/toolchain/web-ide/.raccoon/logs
2026-05-12 22:31:54 |     0.000s | warning  | h.Digital.cpp                  | Digital port 0 is already in use!
2026-05-12 22:31:54 |     0.000s | info     | p.Motor.cpp                    | Mock Motor ctor port=0 inverted=false
2026-05-12 22:31:54 |     0.000s | info     | p.Motor.cpp                    | Mock Motor ctor port=1 inverted=true
2026-05-12 22:31:54 |     0.000s | info     | p.Motor.cpp                    | Mock Motor ctor port=2 inverted=false
2026-05-12 22:31:54 |     0.000s | info     | h.t...l.p.s.r.__init__.py      | raccoon v1.0.0 | raccoon-transport v0.1.33
2026-05-12 22:31:54 |     0.000s | info     | p.Motor.cpp                    | Mock Motor enableAll executed (no-op on mock)
2026-05-12 22:31:54 |     0.000s | warning  | h.Digital.cpp                  | Digital port 0 is already in use!
2026-05-12 22:31:54 |     0.000s | info     | h.t...l.p.s.r.r.api.py         | [Robot]: Kinematics desaturation: max_wheel_speed=6.86 rad/s
2026-05-12 22:31:54 |     0.001s | info     | h.t...l.p.s.r.__init__.py      | Disabling all motors
2026-05-12 22:31:54 |     0.001s | info     | p.Motor.cpp                    | Mock Motor disableAll executed
2026-05-12 22:32:24 |     0.000s | info     |                                | Logging to directory: /media/tobias/TobiasSSD1/projects/Botball/raccoon/toolchain/web-ide/.raccoon/logs
2026-05-12 22:32:24 |     0.000s | info     | p.Motor.cpp                    | Mock Motor ctor port=0 inverted=false
2026-05-12 22:32:24 |     0.000s | info     | p.Motor.cpp                    | Mock Motor ctor port=1 inverted=false
2026-05-12 22:32:24 |     0.000s | info     | p.Motor.cpp                    | Mock Motor ctor port=2 inverted=false
2026-05-12 22:32:24 |     0.000s | info     | p.Motor.cpp                    | Mock Motor ctor port=3 inverted=false
2026-05-12 22:32:24 |     0.002s | info     | h.t...l.p.s.r.__init__.py      | raccoon v1.0.0 | raccoon-transport v0.1.33
2026-05-12 22:32:24 |     0.002s | info     | p.Motor.cpp                    | Mock Motor enableAll executed (no-op on mock)
2026-05-12 22:32:24 |     0.002s | warning  | h.Digital.cpp                  | Digital port 10 is already in use!
2026-05-12 22:32:24 |     0.002s | info     | h.t...l.p.s.r.r.api.py         | [Robot]: Kinematics desaturation: max_wheel_speed=0.00 rad/s
2026-05-12 22:32:24 |     0.002s | info     | h.t...l.p.s.r.__init__.py      | Disabling all motors
2026-05-12 22:32:24 |     0.002s | info     | p.Motor.cpp                    | Mock Motor disableAll executed
2026-05-12 22:32:34 |     0.000s | info     |                                | Logging to directory: /media/tobias/TobiasSSD1/projects/Botball/raccoon/toolchain/web-ide/.raccoon/logs
2026-05-12 22:32:34 |     0.000s | info     | p.Motor.cpp                    | Mock Motor ctor port=0 inverted=false
2026-05-12 22:32:34 |     0.000s | info     | p.Motor.cpp                    | Mock Motor ctor port=1 inverted=false
2026-05-12 22:32:34 |     0.000s | info     | p.Motor.cpp                    | Mock Motor ctor port=2 inverted=false
2026-05-12 22:32:34 |     0.000s | info     | p.Motor.cpp                    | Mock Motor ctor port=3 inverted=false
2026-05-12 22:32:34 |     0.002s | info     | h.t...l.p.s.r.__init__.py      | raccoon v1.0.0 | raccoon-transport v0.1.33
2026-05-12 22:32:34 |     0.002s | info     | p.Motor.cpp                    | Mock Motor enableAll executed (no-op on mock)
2026-05-12 22:32:34 |     0.002s | warning  | h.Digital.cpp                  | Digital port 10 is already in use!
2026-05-12 22:32:34 |     0.002s | info     | h.t...l.p.s.r.r.api.py         | [Robot]: Kinematics desaturation: max_wheel_speed=0.00 rad/s
2026-05-12 22:32:34 |     0.002s | info     | h.t...l.p.s.r.r.api.py         | [Robot]: Starting robot
2026-05-12 22:32:34 |     0.002s | info     | h.t...l.p.s.r.r.api.py         | [Robot]: Preloading mission sequences
2026-05-12 22:32:34 |     0.000s | info     | h.t...l.p.s.r.r.api.py         | [Robot]: Starting mission: M001TournamentRound
2026-05-12 22:32:34 |     0.000s | info     | h.t...l.p.s.r.m.api.py         | [M001TournamentRound]: Starting mission: M001TournamentRound
2026-05-12 22:32:34 |     0.001s | info     | h.t...l.p.s.r.s.base.py        | [AllLightsOn]: 1/1 > P[1/2] > 1/5: AllLightsOn(ports=[0,1,2,3])
2026-05-12 22:32:34 |     0.002s | info     | h.t...l.p.s.r.s.base.py        | [WaitForSeconds]: 1/1 > P[2/2] > 1/4: Wait(seconds=9.500)
2026-05-12 22:32:34 |     0.038s | info     | h.t...l.p.s.r.s.base.py        | [WaitForSeconds]: 1/1 > P[1/2] > 2/5: Wait(seconds=5.000)
2026-05-12 22:32:39 |     5.072s | info     | h.t...l.p.s.r.s.base.py        | [AllLightsOff]: 1/1 > P[1/2] > 3/5: AllLightsOff(ports=[0,1,2,3])
2026-05-12 22:32:39 |     5.072s | info     | p.Motor.cpp                    | Mock Motor port=0 off
2026-05-12 22:32:39 |     5.072s | info     | p.Motor.cpp                    | Mock Motor port=1 off
2026-05-12 22:32:39 |     5.072s | info     | p.Motor.cpp                    | Mock Motor port=2 off
2026-05-12 22:32:39 |     5.072s | info     | p.Motor.cpp                    | Mock Motor port=3 off
2026-05-12 22:32:39 |     5.077s | info     | h.t...l.p.s.r.s.base.py        | [WaitForSeconds]: 1/1 > P[1/2] > 4/5: Wait(seconds=110.000)
2026-05-12 22:32:44 |     9.539s | info     | h.t...l.p.s.r.s.base.py        | [DropOnce]: 1/1 > P[2/2] > 2/4: DropOnce(ports=[0,1,2,3],gap=1.0)
2026-05-12 22:32:44 |     9.539s | info     | h.t.D.B.s.s.s.dropper.py       | [DropOnce]: Dropping next drum
2026-05-12 22:32:46 |    11.540s | info     | h.t.D.B.s.s.s.dropper.py       | [DropOnce]: Dropping done
2026-05-12 22:32:46 |    11.550s | info     | h.t...l.p.s.r.s.base.py        | [FullyDisableServos]: 1/1 > P[2/2] > 3/4: FullyDisableServos()
2026-05-12 22:32:46 |    11.556s | info     | h.t...l.p.s.r.s.base.py        | [WaitForSeconds]: 1/1 > P[2/2] > 4/4 > Loop[1/7] > 1/3: Wait(seconds=5.000)
2026-05-12 22:32:49 |    14.830s | info     | h.t...l.p.s.r.__init__.py      | Disabling all motors
2026-05-12 22:32:49 |    14.830s | info     | p.Motor.cpp                    | Mock Motor disableAll executed
2026-05-12 22:32:49 |    14.898s | info     | h.t...l.p.s.r.__init__.py      | Disabling all motors
2026-05-12 22:32:49 |    14.898s | info     | p.Motor.cpp                    | Mock Motor disableAll executed
2026-05-12 22:32:58 |     0.000s | info     |                                | Logging to directory: /media/tobias/TobiasSSD1/projects/Botball/raccoon/toolchain/web-ide/.raccoon/logs
2026-05-12 22:32:58 |     0.000s | info     | p.Motor.cpp                    | Mock Motor ctor port=0 inverted=false
2026-05-12 22:32:58 |     0.000s | info     | p.Motor.cpp                    | Mock Motor ctor port=1 inverted=false
2026-05-12 22:32:58 |     0.000s | info     | p.Motor.cpp                    | Mock Motor ctor port=2 inverted=false
2026-05-12 22:32:58 |     0.000s | info     | p.Motor.cpp                    | Mock Motor ctor port=3 inverted=false
2026-05-12 22:32:58 |     0.002s | info     | h.t...l.p.s.r.__init__.py      | raccoon v1.0.0 | raccoon-transport v0.1.33
2026-05-12 22:32:58 |     0.002s | info     | p.Motor.cpp                    | Mock Motor enableAll executed (no-op on mock)
2026-05-12 22:32:58 |     0.002s | warning  | h.Digital.cpp                  | Digital port 10 is already in use!
2026-05-12 22:32:58 |     0.002s | info     | h.t...l.p.s.r.r.api.py         | [Robot]: Kinematics desaturation: max_wheel_speed=0.00 rad/s
2026-05-12 22:32:58 |     0.002s | info     | h.t...l.p.s.r.r.api.py         | [Robot]: Starting robot
2026-05-12 22:32:58 |     0.002s | info     | h.t...l.p.s.r.r.api.py         | [Robot]: Preloading mission sequences
2026-05-12 22:32:58 |     0.000s | info     | h.t...l.p.s.r.r.api.py         | [Robot]: Starting mission: M001TournamentRound
2026-05-12 22:32:58 |     0.000s | info     | h.t...l.p.s.r.m.api.py         | [M001TournamentRound]: Starting mission: M001TournamentRound
2026-05-12 22:32:58 |     0.001s | info     | h.t...l.p.s.r.s.base.py        | [AllLightsOn]: 1/1 > P[1/2] > 1/5: AllLightsOn(ports=[0,1,2,3])
2026-05-12 22:32:58 |     0.001s | info     | h.t...l.p.s.r.s.base.py        | [WaitForSeconds]: 1/1 > P[2/2] > 1/4: Wait(seconds=9.500)
2026-05-12 22:32:58 |     0.037s | info     | h.t...l.p.s.r.s.base.py        | [WaitForSeconds]: 1/1 > P[1/2] > 2/5: Wait(seconds=5.000)
2026-05-12 22:33:03 |     5.042s | info     | h.t...l.p.s.r.s.base.py        | [AllLightsOff]: 1/1 > P[1/2] > 3/5: AllLightsOff(ports=[0,1,2,3])
2026-05-12 22:33:03 |     5.043s | info     | p.Motor.cpp                    | Mock Motor port=0 off
2026-05-12 22:33:03 |     5.043s | info     | p.Motor.cpp                    | Mock Motor port=1 off
2026-05-12 22:33:03 |     5.043s | info     | p.Motor.cpp                    | Mock Motor port=2 off
2026-05-12 22:33:03 |     5.043s | info     | p.Motor.cpp                    | Mock Motor port=3 off
2026-05-12 22:33:03 |     5.047s | info     | h.t...l.p.s.r.s.base.py        | [WaitForSeconds]: 1/1 > P[1/2] > 4/5: Wait(seconds=110.000)
2026-05-12 22:33:06 |     7.820s | info     | h.t...l.p.s.r.__init__.py      | Disabling all motors
2026-05-12 22:33:06 |     7.820s | info     | p.Motor.cpp                    | Mock Motor disableAll executed
2026-05-12 22:33:06 |     7.920s | info     | h.t...l.p.s.r.__init__.py      | Disabling all motors
2026-05-12 22:33:06 |     7.920s | info     | p.Motor.cpp                    | Mock Motor disableAll executed
2026-05-12 22:33:12 |     0.000s | info     |                                | Logging to directory: /media/tobias/TobiasSSD1/projects/Botball/raccoon/toolchain/web-ide/.raccoon/logs
2026-05-12 22:33:12 |     0.000s | info     | p.Motor.cpp                    | Mock Motor ctor port=0 inverted=false
2026-05-12 22:33:12 |     0.000s | info     | p.Motor.cpp                    | Mock Motor ctor port=1 inverted=false
2026-05-12 22:33:12 |     0.000s | info     | p.Motor.cpp                    | Mock Motor ctor port=2 inverted=false
2026-05-12 22:33:12 |     0.000s | info     | p.Motor.cpp                    | Mock Motor ctor port=3 inverted=false
2026-05-12 22:33:12 |     0.002s | info     | h.t...l.p.s.r.__init__.py      | raccoon v1.0.0 | raccoon-transport v0.1.33
2026-05-12 22:33:12 |     0.002s | info     | p.Motor.cpp                    | Mock Motor enableAll executed (no-op on mock)
2026-05-12 22:33:12 |     0.002s | warning  | h.Digital.cpp                  | Digital port 10 is already in use!
2026-05-12 22:33:12 |     0.002s | info     | h.t...l.p.s.r.r.api.py         | [Robot]: Kinematics desaturation: max_wheel_speed=0.00 rad/s
2026-05-12 22:33:12 |     0.002s | info     | h.t...l.p.s.r.r.api.py         | [Robot]: Starting robot
2026-05-12 22:33:12 |     0.002s | info     | h.t...l.p.s.r.r.api.py         | [Robot]: Preloading mission sequences
2026-05-12 22:33:12 |     0.000s | info     | h.t...l.p.s.r.r.api.py         | [Robot]: Starting mission: M001TournamentRound
2026-05-12 22:33:12 |     0.000s | info     | h.t...l.p.s.r.m.api.py         | [M001TournamentRound]: Starting mission: M001TournamentRound
2026-05-12 22:33:12 |     0.001s | info     | h.t...l.p.s.r.s.base.py        | [AllLightsOn]: 1/1 > P[1/2] > 1/5: AllLightsOn(ports=[0,1,2,3])
2026-05-12 22:33:12 |     0.002s | info     | h.t...l.p.s.r.s.base.py        | [WaitForSeconds]: 1/1 > P[2/2] > 1/4: Wait(seconds=9.500)
2026-05-12 22:33:12 |     0.037s | info     | h.t...l.p.s.r.s.base.py        | [WaitForSeconds]: 1/1 > P[1/2] > 2/5: Wait(seconds=5.000)
2026-05-12 22:33:17 |     5.071s | info     | h.t...l.p.s.r.s.base.py        | [AllLightsOff]: 1/1 > P[1/2] > 3/5: AllLightsOff(ports=[0,1,2,3])
2026-05-12 22:33:17 |     5.071s | info     | p.Motor.cpp                    | Mock Motor port=0 off
2026-05-12 22:33:17 |     5.071s | info     | p.Motor.cpp                    | Mock Motor port=1 off
2026-05-12 22:33:17 |     5.071s | info     | p.Motor.cpp                    | Mock Motor port=2 off
2026-05-12 22:33:17 |     5.071s | info     | p.Motor.cpp                    | Mock Motor port=3 off
2026-05-12 22:33:17 |     5.079s | info     | h.t...l.p.s.r.s.base.py        | [WaitForSeconds]: 1/1 > P[1/2] > 4/5: Wait(seconds=110.000)
2026-05-12 22:33:18 |     5.822s | info     | h.t...l.p.s.r.__init__.py      | Disabling all motors
2026-05-12 22:33:18 |     5.822s | info     | p.Motor.cpp                    | Mock Motor disableAll executed
2026-05-12 22:33:18 |     5.861s | info     | h.t...l.p.s.r.__init__.py      | Disabling all motors
2026-05-12 22:33:18 |     5.861s | info     | p.Motor.cpp                    | Mock Motor disableAll executed
2026-05-12 22:35:02 |     0.000s | info     |                                | Logging to directory: /media/tobias/TobiasSSD1/projects/Botball/raccoon/toolchain/web-ide/.raccoon/logs
2026-05-12 22:35:02 |     0.000s | info     | p.Motor.cpp                    | Mock Motor ctor port=0 inverted=false
2026-05-12 22:35:02 |     0.000s | info     | p.Motor.cpp                    | Mock Motor ctor port=1 inverted=false
2026-05-12 22:35:02 |     0.000s | info     | p.Motor.cpp                    | Mock Motor ctor port=2 inverted=false
2026-05-12 22:35:02 |     0.000s | info     | p.Motor.cpp                    | Mock Motor ctor port=3 inverted=false
2026-05-12 22:35:02 |     0.002s | info     | h.t...l.p.s.r.__init__.py      | raccoon v1.0.0 | raccoon-transport v0.1.33
2026-05-12 22:35:02 |     0.002s | info     | p.Motor.cpp                    | Mock Motor enableAll executed (no-op on mock)
2026-05-12 22:35:02 |     0.002s | warning  | h.Digital.cpp                  | Digital port 10 is already in use!
2026-05-12 22:35:02 |     0.002s | info     | h.t...l.p.s.r.r.api.py         | [Robot]: Kinematics desaturation: max_wheel_speed=0.00 rad/s
2026-05-12 22:35:02 |     0.002s | info     | h.t...l.p.s.r.r.api.py         | [Robot]: Starting robot
2026-05-12 22:35:02 |     0.003s | info     | h.t...l.p.s.r.r.api.py         | [Robot]: Preloading mission sequences
2026-05-12 22:35:02 |     0.000s | info     | h.t...l.p.s.r.r.api.py         | [Robot]: Starting mission: M000SetupMission
2026-05-12 22:35:02 |     0.000s | info     | h.t...l.p.s.r.m.api.py         | [M000SetupMission]: Starting mission: M000SetupMission
2026-05-12 22:35:02 |     0.016s | info     | h.t...l.p.s.r.s.base.py        | [WaitForButton]: 1/7: WaitForButton(message='Press B to set servos')
2026-05-12 22:35:10 |     7.818s | info     | h.t...l.p.s.r.__init__.py      | Disabling all motors
2026-05-12 22:35:10 |     7.818s | info     | p.Motor.cpp                    | Mock Motor disableAll executed
2026-05-12 22:35:10 |     7.872s | info     | h.t...l.p.s.r.__init__.py      | Disabling all motors
2026-05-12 22:35:10 |     7.872s | info     | p.Motor.cpp                    | Mock Motor disableAll executed
2026-05-12 22:35:15 |     0.000s | info     |                                | Logging to directory: /media/tobias/TobiasSSD1/projects/Botball/raccoon/toolchain/web-ide/.raccoon/logs
2026-05-12 22:35:15 |     0.000s | info     | p.Motor.cpp                    | Mock Motor ctor port=0 inverted=false
2026-05-12 22:35:15 |     0.000s | info     | p.Motor.cpp                    | Mock Motor ctor port=1 inverted=false
2026-05-12 22:35:15 |     0.000s | info     | p.Motor.cpp                    | Mock Motor ctor port=2 inverted=false
2026-05-12 22:35:15 |     0.000s | info     | p.Motor.cpp                    | Mock Motor ctor port=3 inverted=false
2026-05-12 22:35:15 |     0.002s | info     | h.t...l.p.s.r.__init__.py      | raccoon v1.0.0 | raccoon-transport v0.1.33
2026-05-12 22:35:15 |     0.002s | info     | p.Motor.cpp                    | Mock Motor enableAll executed (no-op on mock)
2026-05-12 22:35:15 |     0.002s | warning  | h.Digital.cpp                  | Digital port 10 is already in use!
2026-05-12 22:35:15 |     0.002s | info     | h.t...l.p.s.r.r.api.py         | [Robot]: Kinematics desaturation: max_wheel_speed=0.00 rad/s
2026-05-12 22:35:15 |     0.002s | info     | h.t...l.p.s.r.r.api.py         | [Robot]: Starting robot
2026-05-12 22:35:15 |     0.002s | info     | h.t...l.p.s.r.r.api.py         | [Robot]: Preloading mission sequences
2026-05-12 22:35:15 |     0.000s | info     | h.t...l.p.s.r.r.api.py         | [Robot]: Starting mission: M000SetupMission
2026-05-12 22:35:15 |     0.000s | info     | h.t...l.p.s.r.m.api.py         | [M000SetupMission]: Starting mission: M000SetupMission
2026-05-12 22:35:15 |     0.014s | info     | h.t...l.p.s.r.s.base.py        | [WaitForButton]: 1/7: WaitForButton(message='Press B to set servos')
2026-05-12 22:35:21 |     5.813s | info     | h.t...l.p.s.r.__init__.py      | Disabling all motors
2026-05-12 22:35:21 |     5.813s | info     | p.Motor.cpp                    | Mock Motor disableAll executed
2026-05-12 22:35:21 |     5.875s | info     | h.t...l.p.s.r.__init__.py      | Disabling all motors
2026-05-12 22:35:21 |     5.875s | info     | p.Motor.cpp                    | Mock Motor disableAll executed
2026-05-12 22:35:27 |     0.000s | info     |                                | Logging to directory: /media/tobias/TobiasSSD1/projects/Botball/raccoon/toolchain/web-ide/.raccoon/logs
2026-05-12 22:35:27 |     0.000s | info     | p.Motor.cpp                    | Mock Motor ctor port=0 inverted=false
2026-05-12 22:35:27 |     0.000s | info     | p.Motor.cpp                    | Mock Motor ctor port=1 inverted=false
2026-05-12 22:35:27 |     0.000s | info     | p.Motor.cpp                    | Mock Motor ctor port=2 inverted=false
2026-05-12 22:35:27 |     0.000s | info     | p.Motor.cpp                    | Mock Motor ctor port=3 inverted=false
2026-05-12 22:35:27 |     0.002s | info     | h.t...l.p.s.r.__init__.py      | raccoon v1.0.0 | raccoon-transport v0.1.33
2026-05-12 22:35:27 |     0.002s | info     | p.Motor.cpp                    | Mock Motor enableAll executed (no-op on mock)
2026-05-12 22:35:27 |     0.002s | warning  | h.Digital.cpp                  | Digital port 10 is already in use!
2026-05-12 22:35:27 |     0.002s | info     | h.t...l.p.s.r.r.api.py         | [Robot]: Kinematics desaturation: max_wheel_speed=0.00 rad/s
2026-05-12 22:35:27 |     0.002s | info     | h.t...l.p.s.r.r.api.py         | [Robot]: Starting robot
2026-05-12 22:35:27 |     0.002s | info     | h.t...l.p.s.r.r.api.py         | [Robot]: Preloading mission sequences
2026-05-12 22:35:27 |     0.000s | info     | h.t...l.p.s.r.r.api.py         | [Robot]: Starting mission: M000SetupMission
2026-05-12 22:35:27 |     0.000s | info     | h.t...l.p.s.r.m.api.py         | [M000SetupMission]: Starting mission: M000SetupMission
2026-05-12 22:35:27 |     0.017s | info     | h.t...l.p.s.r.s.base.py        | [WaitForButton]: 1/7: WaitForButton(message='Press B to set servos')
2026-05-12 22:35:30 |     3.823s | info     | h.t...l.p.s.r.__init__.py      | Disabling all motors
2026-05-12 22:35:30 |     3.823s | info     | p.Motor.cpp                    | Mock Motor disableAll executed
2026-05-12 22:35:30 |     3.881s | info     | h.t...l.p.s.r.__init__.py      | Disabling all motors
2026-05-12 22:35:30 |     3.881s | info     | p.Motor.cpp                    | Mock Motor disableAll executed
2026-05-12 22:35:36 |     0.000s | info     |                                | Logging to directory: /media/tobias/TobiasSSD1/projects/Botball/raccoon/toolchain/web-ide/.raccoon/logs
2026-05-12 22:35:36 |     0.000s | info     | p.Motor.cpp                    | Mock Motor ctor port=0 inverted=false
2026-05-12 22:35:36 |     0.000s | info     | p.Motor.cpp                    | Mock Motor ctor port=1 inverted=false
2026-05-12 22:35:36 |     0.000s | info     | p.Motor.cpp                    | Mock Motor ctor port=2 inverted=false
2026-05-12 22:35:36 |     0.000s | info     | p.Motor.cpp                    | Mock Motor ctor port=3 inverted=false
2026-05-12 22:35:36 |     0.002s | info     | h.t...l.p.s.r.__init__.py      | raccoon v1.0.0 | raccoon-transport v0.1.33
2026-05-12 22:35:36 |     0.002s | info     | p.Motor.cpp                    | Mock Motor enableAll executed (no-op on mock)
2026-05-12 22:35:36 |     0.002s | warning  | h.Digital.cpp                  | Digital port 10 is already in use!
2026-05-12 22:35:36 |     0.002s | info     | h.t...l.p.s.r.r.api.py         | [Robot]: Kinematics desaturation: max_wheel_speed=0.00 rad/s
2026-05-12 22:35:36 |     0.002s | info     | h.t...l.p.s.r.r.api.py         | [Robot]: Starting robot
2026-05-12 22:35:36 |     0.002s | info     | h.t...l.p.s.r.r.api.py         | [Robot]: Preloading mission sequences
2026-05-12 22:35:36 |     0.000s | info     | h.t...l.p.s.r.r.api.py         | [Robot]: Starting mission: M000SetupMission
2026-05-12 22:35:36 |     0.000s | info     | h.t...l.p.s.r.m.api.py         | [M000SetupMission]: Starting mission: M000SetupMission
2026-05-12 22:35:36 |     0.010s | info     | h.t...l.p.s.r.s.base.py        | [WaitForButton]: 1/7: WaitForButton(message='Press B to set servos')
2026-05-12 22:35:40 |     3.819s | info     | h.t...l.p.s.r.__init__.py      | Disabling all motors
2026-05-12 22:35:40 |     3.819s | info     | p.Motor.cpp                    | Mock Motor disableAll executed
2026-05-12 22:35:40 |     3.820s | info     | h.t...l.p.s.r.__init__.py      | Disabling all motors
2026-05-12 22:35:40 |     3.820s | info     | p.Motor.cpp                    | Mock Motor disableAll executed
2026-05-12 22:36:01 |     0.000s | info     |                                | Logging to directory: /media/tobias/TobiasSSD1/projects/Botball/raccoon/toolchain/web-ide/.raccoon/logs
2026-05-12 22:36:01 |     0.000s | info     | p.Motor.cpp                    | Mock Motor ctor port=0 inverted=false
2026-05-12 22:36:01 |     0.000s | info     | p.Motor.cpp                    | Mock Motor ctor port=1 inverted=false
2026-05-12 22:36:01 |     0.000s | info     | p.Motor.cpp                    | Mock Motor ctor port=2 inverted=false
2026-05-12 22:36:01 |     0.000s | info     | p.Motor.cpp                    | Mock Motor ctor port=3 inverted=false
2026-05-12 22:36:01 |     0.003s | info     | h.t...l.p.s.r.__init__.py      | raccoon v1.0.0 | raccoon-transport v0.1.33
2026-05-12 22:36:01 |     0.003s | info     | p.Motor.cpp                    | Mock Motor enableAll executed (no-op on mock)
2026-05-12 22:36:01 |     0.003s | warning  | h.Digital.cpp                  | Digital port 10 is already in use!
2026-05-12 22:36:01 |     0.003s | info     | h.t...l.p.s.r.r.api.py         | [Robot]: Kinematics desaturation: max_wheel_speed=0.00 rad/s
2026-05-12 22:36:01 |     0.003s | info     | h.t...l.p.s.r.r.api.py         | [Robot]: Starting robot
2026-05-12 22:36:01 |     0.003s | info     | h.t...l.p.s.r.r.api.py         | [Robot]: Preloading mission sequences
2026-05-12 22:36:01 |     0.000s | info     | h.t...l.p.s.r.r.api.py         | [Robot]: Starting mission: M000SetupMission
2026-05-12 22:36:01 |     0.000s | info     | h.t...l.p.s.r.m.api.py         | [M000SetupMission]: Starting mission: M000SetupMission
2026-05-12 22:36:01 |     0.025s | info     | h.t...l.p.s.r.s.base.py        | [WaitForButton]: 1/7: WaitForButton(message='Press B to set servos')
2026-05-12 22:36:01 |     0.036s | info     | h.t...l.p.s.r.s.base.py        | [SetServoPosition]: 2/7 > P[1/4] > 1/1: SetServoPosition(servo=port-0,angle=101.0,duration=None)
2026-05-12 22:36:01 |     0.036s | info     | h.t...l.p.s.r.s.base.py        | [SetServoPosition]: 2/7 > P[2/4] > 1/1: SetServoPosition(servo=port-1,angle=101.0,duration=None)
2026-05-12 22:36:01 |     0.037s | info     | h.t...l.p.s.r.s.base.py        | [SetServoPosition]: 2/7 > P[3/4] > 1/1: SetServoPosition(servo=port-2,angle=101.0,duration=None)
2026-05-12 22:36:01 |     0.037s | info     | h.t...l.p.s.r.s.base.py        | [SetServoPosition]: 2/7 > P[4/4] > 1/1: SetServoPosition(servo=port-3,angle=101.0,duration=None)
2026-05-12 22:36:02 |     0.586s | info     | h.t...l.p.s.r.s.base.py        | [ChecklistStep]: 3/7: Checklist()
2026-05-12 22:36:16 |    14.776s | info     | h.t...l.p.s.r.__init__.py      | Disabling all motors
2026-05-12 22:36:16 |    14.776s | info     | p.Motor.cpp                    | Mock Motor disableAll executed
2026-05-12 22:36:16 |    14.778s | info     | h.t...l.p.s.r.__init__.py      | Disabling all motors
2026-05-12 22:36:16 |    14.778s | info     | p.Motor.cpp                    | Mock Motor disableAll executed
